[20-Feb-2026 22:29:12 UTC] DB error: SQLSTATE[HY000] [2002] No such file or directory
[20-Feb-2026 22:31:24 UTC] DB error: SQLSTATE[HY000] [2002] No such file or directory
[26-Feb-2026 16:52:51 UTC] PHP Warning:  Cannot modify header information - headers already sent by (output started at C:\Users\lucab\OneDrive\Desktop\Konik-Website-main\public\index.php:1) in C:\Users\lucab\OneDrive\Desktop\Konik-Website-main\public\init.php on line 8
[26-Feb-2026 16:52:51 UTC] PHP Warning:  Cannot modify header information - headers already sent by (output started at C:\Users\lucab\OneDrive\Desktop\Konik-Website-main\public\index.php:1) in C:\Users\lucab\OneDrive\Desktop\Konik-Website-main\public\init.php on line 9
[26-Feb-2026 16:52:51 UTC] PHP Warning:  Cannot modify header information - headers already sent by (output started at C:\Users\lucab\OneDrive\Desktop\Konik-Website-main\public\index.php:1) in C:\Users\lucab\OneDrive\Desktop\Konik-Website-main\public\init.php on line 10
[26-Feb-2026 16:52:51 UTC] PHP Warning:  Cannot modify header information - headers already sent by (output started at C:\Users\lucab\OneDrive\Desktop\Konik-Website-main\public\index.php:1) in C:\Users\lucab\OneDrive\Desktop\Konik-Website-main\public\init.php on line 11
[26-Feb-2026 16:52:51 UTC] PHP Warning:  Cannot modify header information - headers already sent by (output started at C:\Users\lucab\OneDrive\Desktop\Konik-Website-main\public\index.php:1) in C:\Users\lucab\OneDrive\Desktop\Konik-Website-main\public\init.php on line 20
[26-Feb-2026 16:52:51 UTC] PHP Warning:  session_set_cookie_params(): Session cookie parameters cannot be changed after headers have already been sent in C:\Users\lucab\OneDrive\Desktop\Konik-Website-main\public\init.php on line 24
[26-Feb-2026 16:52:51 UTC] PHP Warning:  session_start(): Session cannot be started after headers have already been sent in C:\Users\lucab\OneDrive\Desktop\Konik-Website-main\public\init.php on line 33
[26-Feb-2026 16:52:51 UTC] PHP Warning:  session_regenerate_id(): Session ID cannot be regenerated when there is no active session in C:\Users\lucab\OneDrive\Desktop\Konik-Website-main\public\init.php on line 35
[26-Feb-2026 16:52:51 UTC] PHP Warning:  Cannot modify header information - headers already sent by (output started at C:\Users\lucab\OneDrive\Desktop\Konik-Website-main\public\index.php:1) in C:\Users\lucab\OneDrive\Desktop\Konik-Website-main\public\init.php on line 8
[26-Feb-2026 16:52:51 UTC] PHP Warning:  Cannot modify header information - headers already sent by (output started at C:\Users\lucab\OneDrive\Desktop\Konik-Website-main\public\index.php:1) in C:\Users\lucab\OneDrive\Desktop\Konik-Website-main\public\init.php on line 9
[26-Feb-2026 16:52:51 UTC] PHP Warning:  Cannot modify header information - headers already sent by (output started at C:\Users\lucab\OneDrive\Desktop\Konik-Website-main\public\index.php:1) in C:\Users\lucab\OneDrive\Desktop\Konik-Website-main\public\init.php on line 10
[26-Feb-2026 16:52:51 UTC] PHP Warning:  Cannot modify header information - headers already sent by (output started at C:\Users\lucab\OneDrive\Desktop\Konik-Website-main\public\index.php:1) in C:\Users\lucab\OneDrive\Desktop\Konik-Website-main\public\init.php on line 11
[26-Feb-2026 16:52:51 UTC] PHP Warning:  Cannot modify header information - headers already sent by (output started at C:\Users\lucab\OneDrive\Desktop\Konik-Website-main\public\index.php:1) in C:\Users\lucab\OneDrive\Desktop\Konik-Website-main\public\init.php on line 20
[26-Feb-2026 16:52:51 UTC] PHP Warning:  session_set_cookie_params(): Session cookie parameters cannot be changed after headers have already been sent in C:\Users\lucab\OneDrive\Desktop\Konik-Website-main\public\init.php on line 24
[26-Feb-2026 16:52:51 UTC] PHP Warning:  session_start(): Session cannot be started after headers have already been sent in C:\Users\lucab\OneDrive\Desktop\Konik-Website-main\public\init.php on line 33
[26-Feb-2026 16:52:51 UTC] PHP Warning:  session_regenerate_id(): Session ID cannot be regenerated when there is no active session in C:\Users\lucab\OneDrive\Desktop\Konik-Website-main\public\init.php on line 35
[26-Feb-2026 16:52:59 UTC] PHP Warning:  Cannot modify header information - headers already sent by (output started at C:\Users\lucab\OneDrive\Desktop\Konik-Website-main\public\index.php:1) in C:\Users\lucab\OneDrive\Desktop\Konik-Website-main\public\init.php on line 8
[26-Feb-2026 16:52:59 UTC] PHP Warning:  Cannot modify header information - headers already sent by (output started at C:\Users\lucab\OneDrive\Desktop\Konik-Website-main\public\index.php:1) in C:\Users\lucab\OneDrive\Desktop\Konik-Website-main\public\init.php on line 9
[26-Feb-2026 16:52:59 UTC] PHP Warning:  Cannot modify header information - headers already sent by (output started at C:\Users\lucab\OneDrive\Desktop\Konik-Website-main\public\index.php:1) in C:\Users\lucab\OneDrive\Desktop\Konik-Website-main\public\init.php on line 10
[26-Feb-2026 16:52:59 UTC] PHP Warning:  Cannot modify header information - headers already sent by (output started at C:\Users\lucab\OneDrive\Desktop\Konik-Website-main\public\index.php:1) in C:\Users\lucab\OneDrive\Desktop\Konik-Website-main\public\init.php on line 11
[26-Feb-2026 16:52:59 UTC] PHP Warning:  Cannot modify header information - headers already sent by (output started at C:\Users\lucab\OneDrive\Desktop\Konik-Website-main\public\index.php:1) in C:\Users\lucab\OneDrive\Desktop\Konik-Website-main\public\init.php on line 20
[26-Feb-2026 16:52:59 UTC] PHP Warning:  session_set_cookie_params(): Session cookie parameters cannot be changed after headers have already been sent in C:\Users\lucab\OneDrive\Desktop\Konik-Website-main\public\init.php on line 24
[26-Feb-2026 16:52:59 UTC] PHP Warning:  session_start(): Session cannot be started after headers have already been sent in C:\Users\lucab\OneDrive\Desktop\Konik-Website-main\public\init.php on line 33
[26-Feb-2026 16:52:59 UTC] PHP Warning:  session_regenerate_id(): Session ID cannot be regenerated when there is no active session in C:\Users\lucab\OneDrive\Desktop\Konik-Website-main\public\init.php on line 35
[26-Feb-2026 16:52:59 UTC] PHP Warning:  Cannot modify header information - headers already sent by (output started at C:\Users\lucab\OneDrive\Desktop\Konik-Website-main\public\index.php:1) in C:\Users\lucab\OneDrive\Desktop\Konik-Website-main\public\init.php on line 8
[26-Feb-2026 16:52:59 UTC] PHP Warning:  Cannot modify header information - headers already sent by (output started at C:\Users\lucab\OneDrive\Desktop\Konik-Website-main\public\index.php:1) in C:\Users\lucab\OneDrive\Desktop\Konik-Website-main\public\init.php on line 9
[26-Feb-2026 16:52:59 UTC] PHP Warning:  Cannot modify header information - headers already sent by (output started at C:\Users\lucab\OneDrive\Desktop\Konik-Website-main\public\index.php:1) in C:\Users\lucab\OneDrive\Desktop\Konik-Website-main\public\init.php on line 10
[26-Feb-2026 16:52:59 UTC] PHP Warning:  Cannot modify header information - headers already sent by (output started at C:\Users\lucab\OneDrive\Desktop\Konik-Website-main\public\index.php:1) in C:\Users\lucab\OneDrive\Desktop\Konik-Website-main\public\init.php on line 11
[26-Feb-2026 16:52:59 UTC] PHP Warning:  Cannot modify header information - headers already sent by (output started at C:\Users\lucab\OneDrive\Desktop\Konik-Website-main\public\index.php:1) in C:\Users\lucab\OneDrive\Desktop\Konik-Website-main\public\init.php on line 20
[26-Feb-2026 16:52:59 UTC] PHP Warning:  session_set_cookie_params(): Session cookie parameters cannot be changed after headers have already been sent in C:\Users\lucab\OneDrive\Desktop\Konik-Website-main\public\init.php on line 24
[26-Feb-2026 16:52:59 UTC] PHP Warning:  session_start(): Session cannot be started after headers have already been sent in C:\Users\lucab\OneDrive\Desktop\Konik-Website-main\public\init.php on line 33
[26-Feb-2026 16:52:59 UTC] PHP Warning:  session_regenerate_id(): Session ID cannot be regenerated when there is no active session in C:\Users\lucab\OneDrive\Desktop\Konik-Website-main\public\init.php on line 35
[26-Feb-2026 16:53:15 UTC] PHP Warning:  Cannot modify header information - headers already sent by (output started at C:\Users\lucab\OneDrive\Desktop\Konik-Website-main\public\index.php:1) in C:\Users\lucab\OneDrive\Desktop\Konik-Website-main\public\init.php on line 8
[26-Feb-2026 16:53:15 UTC] PHP Warning:  Cannot modify header information - headers already sent by (output started at C:\Users\lucab\OneDrive\Desktop\Konik-Website-main\public\index.php:1) in C:\Users\lucab\OneDrive\Desktop\Konik-Website-main\public\init.php on line 9
[26-Feb-2026 16:53:15 UTC] PHP Warning:  Cannot modify header information - headers already sent by (output started at C:\Users\lucab\OneDrive\Desktop\Konik-Website-main\public\index.php:1) in C:\Users\lucab\OneDrive\Desktop\Konik-Website-main\public\init.php on line 10
[26-Feb-2026 16:53:15 UTC] PHP Warning:  Cannot modify header information - headers already sent by (output started at C:\Users\lucab\OneDrive\Desktop\Konik-Website-main\public\index.php:1) in C:\Users\lucab\OneDrive\Desktop\Konik-Website-main\public\init.php on line 11
[26-Feb-2026 16:53:15 UTC] PHP Warning:  Cannot modify header information - headers already sent by (output started at C:\Users\lucab\OneDrive\Desktop\Konik-Website-main\public\index.php:1) in C:\Users\lucab\OneDrive\Desktop\Konik-Website-main\public\init.php on line 20
[26-Feb-2026 16:53:15 UTC] PHP Warning:  session_set_cookie_params(): Session cookie parameters cannot be changed after headers have already been sent in C:\Users\lucab\OneDrive\Desktop\Konik-Website-main\public\init.php on line 24
[26-Feb-2026 16:53:15 UTC] PHP Warning:  session_start(): Session cannot be started after headers have already been sent in C:\Users\lucab\OneDrive\Desktop\Konik-Website-main\public\init.php on line 33
[26-Feb-2026 16:53:15 UTC] PHP Warning:  session_regenerate_id(): Session ID cannot be regenerated when there is no active session in C:\Users\lucab\OneDrive\Desktop\Konik-Website-main\public\init.php on line 35
[26-Feb-2026 16:53:15 UTC] PHP Warning:  Cannot modify header information - headers already sent by (output started at C:\Users\lucab\OneDrive\Desktop\Konik-Website-main\public\index.php:1) in C:\Users\lucab\OneDrive\Desktop\Konik-Website-main\public\init.php on line 8
[26-Feb-2026 16:53:15 UTC] PHP Warning:  Cannot modify header information - headers already sent by (output started at C:\Users\lucab\OneDrive\Desktop\Konik-Website-main\public\index.php:1) in C:\Users\lucab\OneDrive\Desktop\Konik-Website-main\public\init.php on line 9
[26-Feb-2026 16:53:15 UTC] PHP Warning:  Cannot modify header information - headers already sent by (output started at C:\Users\lucab\OneDrive\Desktop\Konik-Website-main\public\index.php:1) in C:\Users\lucab\OneDrive\Desktop\Konik-Website-main\public\init.php on line 10
[26-Feb-2026 16:53:15 UTC] PHP Warning:  Cannot modify header information - headers already sent by (output started at C:\Users\lucab\OneDrive\Desktop\Konik-Website-main\public\index.php:1) in C:\Users\lucab\OneDrive\Desktop\Konik-Website-main\public\init.php on line 11
[26-Feb-2026 16:53:15 UTC] PHP Warning:  Cannot modify header information - headers already sent by (output started at C:\Users\lucab\OneDrive\Desktop\Konik-Website-main\public\index.php:1) in C:\Users\lucab\OneDrive\Desktop\Konik-Website-main\public\init.php on line 20
[26-Feb-2026 16:53:15 UTC] PHP Warning:  session_set_cookie_params(): Session cookie parameters cannot be changed after headers have already been sent in C:\Users\lucab\OneDrive\Desktop\Konik-Website-main\public\init.php on line 24
[26-Feb-2026 16:53:15 UTC] PHP Warning:  session_start(): Session cannot be started after headers have already been sent in C:\Users\lucab\OneDrive\Desktop\Konik-Website-main\public\init.php on line 33
[26-Feb-2026 16:53:15 UTC] PHP Warning:  session_regenerate_id(): Session ID cannot be regenerated when there is no active session in C:\Users\lucab\OneDrive\Desktop\Konik-Website-main\public\init.php on line 35
[26-Feb-2026 16:53:38 UTC] PHP Warning:  Cannot modify header information - headers already sent by (output started at C:\Users\lucab\OneDrive\Desktop\Konik-Website-main\public\index.php:1) in C:\Users\lucab\OneDrive\Desktop\Konik-Website-main\public\init.php on line 8
[26-Feb-2026 16:53:38 UTC] PHP Warning:  Cannot modify header information - headers already sent by (output started at C:\Users\lucab\OneDrive\Desktop\Konik-Website-main\public\index.php:1) in C:\Users\lucab\OneDrive\Desktop\Konik-Website-main\public\init.php on line 9
[26-Feb-2026 16:53:38 UTC] PHP Warning:  Cannot modify header information - headers already sent by (output started at C:\Users\lucab\OneDrive\Desktop\Konik-Website-main\public\index.php:1) in C:\Users\lucab\OneDrive\Desktop\Konik-Website-main\public\init.php on line 10
[26-Feb-2026 16:53:38 UTC] PHP Warning:  Cannot modify header information - headers already sent by (output started at C:\Users\lucab\OneDrive\Desktop\Konik-Website-main\public\index.php:1) in C:\Users\lucab\OneDrive\Desktop\Konik-Website-main\public\init.php on line 11
[26-Feb-2026 16:53:38 UTC] PHP Warning:  Cannot modify header information - headers already sent by (output started at C:\Users\lucab\OneDrive\Desktop\Konik-Website-main\public\index.php:1) in C:\Users\lucab\OneDrive\Desktop\Konik-Website-main\public\init.php on line 20
[26-Feb-2026 16:53:38 UTC] PHP Warning:  session_set_cookie_params(): Session cookie parameters cannot be changed after headers have already been sent in C:\Users\lucab\OneDrive\Desktop\Konik-Website-main\public\init.php on line 24
[26-Feb-2026 16:53:38 UTC] PHP Warning:  session_start(): Session cannot be started after headers have already been sent in C:\Users\lucab\OneDrive\Desktop\Konik-Website-main\public\init.php on line 33
[26-Feb-2026 16:53:38 UTC] PHP Warning:  session_regenerate_id(): Session ID cannot be regenerated when there is no active session in C:\Users\lucab\OneDrive\Desktop\Konik-Website-main\public\init.php on line 35
[26-Feb-2026 16:53:38 UTC] PHP Warning:  Cannot modify header information - headers already sent by (output started at C:\Users\lucab\OneDrive\Desktop\Konik-Website-main\public\index.php:1) in C:\Users\lucab\OneDrive\Desktop\Konik-Website-main\public\init.php on line 8
[26-Feb-2026 16:53:38 UTC] PHP Warning:  Cannot modify header information - headers already sent by (output started at C:\Users\lucab\OneDrive\Desktop\Konik-Website-main\public\index.php:1) in C:\Users\lucab\OneDrive\Desktop\Konik-Website-main\public\init.php on line 9
[26-Feb-2026 16:53:38 UTC] PHP Warning:  Cannot modify header information - headers already sent by (output started at C:\Users\lucab\OneDrive\Desktop\Konik-Website-main\public\index.php:1) in C:\Users\lucab\OneDrive\Desktop\Konik-Website-main\public\init.php on line 10
[26-Feb-2026 16:53:38 UTC] PHP Warning:  Cannot modify header information - headers already sent by (output started at C:\Users\lucab\OneDrive\Desktop\Konik-Website-main\public\index.php:1) in C:\Users\lucab\OneDrive\Desktop\Konik-Website-main\public\init.php on line 11
[26-Feb-2026 16:53:38 UTC] PHP Warning:  Cannot modify header information - headers already sent by (output started at C:\Users\lucab\OneDrive\Desktop\Konik-Website-main\public\index.php:1) in C:\Users\lucab\OneDrive\Desktop\Konik-Website-main\public\init.php on line 20
[26-Feb-2026 16:53:38 UTC] PHP Warning:  session_set_cookie_params(): Session cookie parameters cannot be changed after headers have already been sent in C:\Users\lucab\OneDrive\Desktop\Konik-Website-main\public\init.php on line 24
[26-Feb-2026 16:53:38 UTC] PHP Warning:  session_start(): Session cannot be started after headers have already been sent in C:\Users\lucab\OneDrive\Desktop\Konik-Website-main\public\init.php on line 33
[26-Feb-2026 16:53:38 UTC] PHP Warning:  session_regenerate_id(): Session ID cannot be regenerated when there is no active session in C:\Users\lucab\OneDrive\Desktop\Konik-Website-main\public\init.php on line 35
[26-Feb-2026 16:53:44 UTC] PHP Warning:  Cannot modify header information - headers already sent by (output started at C:\Users\lucab\OneDrive\Desktop\Konik-Website-main\public\index.php:1) in C:\Users\lucab\OneDrive\Desktop\Konik-Website-main\public\init.php on line 8
[26-Feb-2026 16:53:44 UTC] PHP Warning:  Cannot modify header information - headers already sent by (output started at C:\Users\lucab\OneDrive\Desktop\Konik-Website-main\public\index.php:1) in C:\Users\lucab\OneDrive\Desktop\Konik-Website-main\public\init.php on line 9
[26-Feb-2026 16:53:44 UTC] PHP Warning:  Cannot modify header information - headers already sent by (output started at C:\Users\lucab\OneDrive\Desktop\Konik-Website-main\public\index.php:1) in C:\Users\lucab\OneDrive\Desktop\Konik-Website-main\public\init.php on line 10
[26-Feb-2026 16:53:44 UTC] PHP Warning:  Cannot modify header information - headers already sent by (output started at C:\Users\lucab\OneDrive\Desktop\Konik-Website-main\public\index.php:1) in C:\Users\lucab\OneDrive\Desktop\Konik-Website-main\public\init.php on line 11
[26-Feb-2026 16:53:44 UTC] PHP Warning:  Cannot modify header information - headers already sent by (output started at C:\Users\lucab\OneDrive\Desktop\Konik-Website-main\public\index.php:1) in C:\Users\lucab\OneDrive\Desktop\Konik-Website-main\public\init.php on line 20
[26-Feb-2026 16:53:44 UTC] PHP Warning:  session_set_cookie_params(): Session cookie parameters cannot be changed after headers have already been sent in C:\Users\lucab\OneDrive\Desktop\Konik-Website-main\public\init.php on line 24
[26-Feb-2026 16:53:44 UTC] PHP Warning:  session_start(): Session cannot be started after headers have already been sent in C:\Users\lucab\OneDrive\Desktop\Konik-Website-main\public\init.php on line 33
[26-Feb-2026 16:53:44 UTC] PHP Warning:  session_regenerate_id(): Session ID cannot be regenerated when there is no active session in C:\Users\lucab\OneDrive\Desktop\Konik-Website-main\public\init.php on line 35
[26-Feb-2026 16:53:44 UTC] PHP Warning:  Cannot modify header information - headers already sent by (output started at C:\Users\lucab\OneDrive\Desktop\Konik-Website-main\public\index.php:1) in C:\Users\lucab\OneDrive\Desktop\Konik-Website-main\public\init.php on line 8
[26-Feb-2026 16:53:44 UTC] PHP Warning:  Cannot modify header information - headers already sent by (output started at C:\Users\lucab\OneDrive\Desktop\Konik-Website-main\public\index.php:1) in C:\Users\lucab\OneDrive\Desktop\Konik-Website-main\public\init.php on line 9
[26-Feb-2026 16:53:44 UTC] PHP Warning:  Cannot modify header information - headers already sent by (output started at C:\Users\lucab\OneDrive\Desktop\Konik-Website-main\public\index.php:1) in C:\Users\lucab\OneDrive\Desktop\Konik-Website-main\public\init.php on line 10
[26-Feb-2026 16:53:44 UTC] PHP Warning:  Cannot modify header information - headers already sent by (output started at C:\Users\lucab\OneDrive\Desktop\Konik-Website-main\public\index.php:1) in C:\Users\lucab\OneDrive\Desktop\Konik-Website-main\public\init.php on line 11
[26-Feb-2026 16:53:44 UTC] PHP Warning:  Cannot modify header information - headers already sent by (output started at C:\Users\lucab\OneDrive\Desktop\Konik-Website-main\public\index.php:1) in C:\Users\lucab\OneDrive\Desktop\Konik-Website-main\public\init.php on line 20
[26-Feb-2026 16:53:44 UTC] PHP Warning:  session_set_cookie_params(): Session cookie parameters cannot be changed after headers have already been sent in C:\Users\lucab\OneDrive\Desktop\Konik-Website-main\public\init.php on line 24
[26-Feb-2026 16:53:44 UTC] PHP Warning:  session_start(): Session cannot be started after headers have already been sent in C:\Users\lucab\OneDrive\Desktop\Konik-Website-main\public\init.php on line 33
[26-Feb-2026 16:53:44 UTC] PHP Warning:  session_regenerate_id(): Session ID cannot be regenerated when there is no active session in C:\Users\lucab\OneDrive\Desktop\Konik-Website-main\public\init.php on line 35
[26-Feb-2026 16:53:52 UTC] PHP Warning:  Cannot modify header information - headers already sent by (output started at C:\Users\lucab\OneDrive\Desktop\Konik-Website-main\public\index.php:1) in C:\Users\lucab\OneDrive\Desktop\Konik-Website-main\public\init.php on line 8
[26-Feb-2026 16:53:52 UTC] PHP Warning:  Cannot modify header information - headers already sent by (output started at C:\Users\lucab\OneDrive\Desktop\Konik-Website-main\public\index.php:1) in C:\Users\lucab\OneDrive\Desktop\Konik-Website-main\public\init.php on line 9
[26-Feb-2026 16:53:52 UTC] PHP Warning:  Cannot modify header information - headers already sent by (output started at C:\Users\lucab\OneDrive\Desktop\Konik-Website-main\public\index.php:1) in C:\Users\lucab\OneDrive\Desktop\Konik-Website-main\public\init.php on line 10
[26-Feb-2026 16:53:52 UTC] PHP Warning:  Cannot modify header information - headers already sent by (output started at C:\Users\lucab\OneDrive\Desktop\Konik-Website-main\public\index.php:1) in C:\Users\lucab\OneDrive\Desktop\Konik-Website-main\public\init.php on line 11
[26-Feb-2026 16:53:52 UTC] PHP Warning:  Cannot modify header information - headers already sent by (output started at C:\Users\lucab\OneDrive\Desktop\Konik-Website-main\public\index.php:1) in C:\Users\lucab\OneDrive\Desktop\Konik-Website-main\public\init.php on line 20
[26-Feb-2026 16:53:52 UTC] PHP Warning:  session_set_cookie_params(): Session cookie parameters cannot be changed after headers have already been sent in C:\Users\lucab\OneDrive\Desktop\Konik-Website-main\public\init.php on line 24
[26-Feb-2026 16:53:52 UTC] PHP Warning:  session_start(): Session cannot be started after headers have already been sent in C:\Users\lucab\OneDrive\Desktop\Konik-Website-main\public\init.php on line 33
[26-Feb-2026 16:53:52 UTC] PHP Warning:  session_regenerate_id(): Session ID cannot be regenerated when there is no active session in C:\Users\lucab\OneDrive\Desktop\Konik-Website-main\public\init.php on line 35
[26-Feb-2026 16:53:52 UTC] PHP Warning:  Cannot modify header information - headers already sent by (output started at C:\Users\lucab\OneDrive\Desktop\Konik-Website-main\public\index.php:1) in C:\Users\lucab\OneDrive\Desktop\Konik-Website-main\public\init.php on line 8
[26-Feb-2026 16:53:52 UTC] PHP Warning:  Cannot modify header information - headers already sent by (output started at C:\Users\lucab\OneDrive\Desktop\Konik-Website-main\public\index.php:1) in C:\Users\lucab\OneDrive\Desktop\Konik-Website-main\public\init.php on line 9
[26-Feb-2026 16:53:52 UTC] PHP Warning:  Cannot modify header information - headers already sent by (output started at C:\Users\lucab\OneDrive\Desktop\Konik-Website-main\public\index.php:1) in C:\Users\lucab\OneDrive\Desktop\Konik-Website-main\public\init.php on line 10
[26-Feb-2026 16:53:52 UTC] PHP Warning:  Cannot modify header information - headers already sent by (output started at C:\Users\lucab\OneDrive\Desktop\Konik-Website-main\public\index.php:1) in C:\Users\lucab\OneDrive\Desktop\Konik-Website-main\public\init.php on line 11
[26-Feb-2026 16:53:52 UTC] PHP Warning:  Cannot modify header information - headers already sent by (output started at C:\Users\lucab\OneDrive\Desktop\Konik-Website-main\public\index.php:1) in C:\Users\lucab\OneDrive\Desktop\Konik-Website-main\public\init.php on line 20
[26-Feb-2026 16:53:52 UTC] PHP Warning:  session_set_cookie_params(): Session cookie parameters cannot be changed after headers have already been sent in C:\Users\lucab\OneDrive\Desktop\Konik-Website-main\public\init.php on line 24
[26-Feb-2026 16:53:52 UTC] PHP Warning:  session_start(): Session cannot be started after headers have already been sent in C:\Users\lucab\OneDrive\Desktop\Konik-Website-main\public\init.php on line 33
[26-Feb-2026 16:53:52 UTC] PHP Warning:  session_regenerate_id(): Session ID cannot be regenerated when there is no active session in C:\Users\lucab\OneDrive\Desktop\Konik-Website-main\public\init.php on line 35
[26-Feb-2026 16:54:16 UTC] PHP Warning:  Cannot modify header information - headers already sent by (output started at C:\Users\lucab\OneDrive\Desktop\Konik-Website-main\public\index.php:1) in C:\Users\lucab\OneDrive\Desktop\Konik-Website-main\public\init.php on line 8
[26-Feb-2026 16:54:16 UTC] PHP Warning:  Cannot modify header information - headers already sent by (output started at C:\Users\lucab\OneDrive\Desktop\Konik-Website-main\public\index.php:1) in C:\Users\lucab\OneDrive\Desktop\Konik-Website-main\public\init.php on line 9
[26-Feb-2026 16:54:16 UTC] PHP Warning:  Cannot modify header information - headers already sent by (output started at C:\Users\lucab\OneDrive\Desktop\Konik-Website-main\public\index.php:1) in C:\Users\lucab\OneDrive\Desktop\Konik-Website-main\public\init.php on line 10
[26-Feb-2026 16:54:16 UTC] PHP Warning:  Cannot modify header information - headers already sent by (output started at C:\Users\lucab\OneDrive\Desktop\Konik-Website-main\public\index.php:1) in C:\Users\lucab\OneDrive\Desktop\Konik-Website-main\public\init.php on line 11
[26-Feb-2026 16:54:16 UTC] PHP Warning:  Cannot modify header information - headers already sent by (output started at C:\Users\lucab\OneDrive\Desktop\Konik-Website-main\public\index.php:1) in C:\Users\lucab\OneDrive\Desktop\Konik-Website-main\public\init.php on line 20
[26-Feb-2026 16:54:16 UTC] PHP Warning:  session_set_cookie_params(): Session cookie parameters cannot be changed after headers have already been sent in C:\Users\lucab\OneDrive\Desktop\Konik-Website-main\public\init.php on line 24
[26-Feb-2026 16:54:16 UTC] PHP Warning:  session_start(): Session cannot be started after headers have already been sent in C:\Users\lucab\OneDrive\Desktop\Konik-Website-main\public\init.php on line 33
[26-Feb-2026 16:54:16 UTC] PHP Warning:  session_regenerate_id(): Session ID cannot be regenerated when there is no active session in C:\Users\lucab\OneDrive\Desktop\Konik-Website-main\public\init.php on line 35
[26-Feb-2026 16:54:17 UTC] PHP Warning:  Cannot modify header information - headers already sent by (output started at C:\Users\lucab\OneDrive\Desktop\Konik-Website-main\public\index.php:1) in C:\Users\lucab\OneDrive\Desktop\Konik-Website-main\public\init.php on line 8
[26-Feb-2026 16:54:17 UTC] PHP Warning:  Cannot modify header information - headers already sent by (output started at C:\Users\lucab\OneDrive\Desktop\Konik-Website-main\public\index.php:1) in C:\Users\lucab\OneDrive\Desktop\Konik-Website-main\public\init.php on line 9
[26-Feb-2026 16:54:17 UTC] PHP Warning:  Cannot modify header information - headers already sent by (output started at C:\Users\lucab\OneDrive\Desktop\Konik-Website-main\public\index.php:1) in C:\Users\lucab\OneDrive\Desktop\Konik-Website-main\public\init.php on line 10
[26-Feb-2026 16:54:17 UTC] PHP Warning:  Cannot modify header information - headers already sent by (output started at C:\Users\lucab\OneDrive\Desktop\Konik-Website-main\public\index.php:1) in C:\Users\lucab\OneDrive\Desktop\Konik-Website-main\public\init.php on line 11
[26-Feb-2026 16:54:17 UTC] PHP Warning:  Cannot modify header information - headers already sent by (output started at C:\Users\lucab\OneDrive\Desktop\Konik-Website-main\public\index.php:1) in C:\Users\lucab\OneDrive\Desktop\Konik-Website-main\public\init.php on line 20
[26-Feb-2026 16:54:17 UTC] PHP Warning:  session_set_cookie_params(): Session cookie parameters cannot be changed after headers have already been sent in C:\Users\lucab\OneDrive\Desktop\Konik-Website-main\public\init.php on line 24
[26-Feb-2026 16:54:17 UTC] PHP Warning:  session_start(): Session cannot be started after headers have already been sent in C:\Users\lucab\OneDrive\Desktop\Konik-Website-main\public\init.php on line 33
[26-Feb-2026 16:54:17 UTC] PHP Warning:  session_regenerate_id(): Session ID cannot be regenerated when there is no active session in C:\Users\lucab\OneDrive\Desktop\Konik-Website-main\public\init.php on line 35
